// Jest Snapshot v1, https://jestjs.io/docs/snapshot-testing

exports[`The Restorer2 stack matches the snapshot 1`] = `
{
  "AWSTemplateFormatVersion": "2010-09-09",
  "Conditions": {
    "IsProd": {
      "Fn::Equals": [
        {
          "Ref": "Stage",
        },
        "PROD",
      ],
    },
  },
  "Description": "Flexible Content Restorer",
  "Mappings": {
    "EnvironmentMap": {
      "CODE": {
        "AccessToApiSecurityGroupId": "sg-4d028336",
        "Domain": "restorer.code.dev-gutools.co.uk",
        "SecondaryAccessToApiSecurityGroupId": "sg-3137fa4b",
        "ValidationDomain": "dev-gutools.co.uk",
        "lowercase": "code",
        "maxSize": 4,
        "minSize": 2,
      },
      "PROD": {
        "AccessToApiSecurityGroupId": "sg-4744c43c",
        "Domain": "restorer.gutools.co.uk",
        "SecondaryAccessToApiSecurityGroupId": "sg-baae78c0",
        "ValidationDomain": "gutools.co.uk",
        "lowercase": "prod",
        "maxSize": 4,
        "minSize": 2,
      },
    },
  },
  "Metadata": {
    "gu:cdk:constructs": [],
    "gu:cdk:version": "TEST",
  },
  "Parameters": {
    "AMI": {
      "Description": "AMI id",
      "Type": "AWS::EC2::Image::Id",
    },
    "KmsKeyARN": {
      "Description": "ARN of KMS key that was used to encrypt the backups",
      "Type": "String",
    },
    "LoggingStreamArn": {
      "Default": "/account/services/logging.stream",
      "Description": "ARN of the kinesis stream for logging to ELK (logs.gutools)",
      "Type": "AWS::SSM::Parameter::Value<String>",
    },
    "LoggingStreamName": {
      "Default": "/account/services/logging.stream.name",
      "Description": "Name of the kinesis stream for logging to ELK (logs.gutools)",
      "Type": "AWS::SSM::Parameter::Value<String>",
    },
    "PrivateVpcSubnets": {
      "Default": "subnet-c2620fa7,subnet-2a37bd5d",
      "Description": "Subnets to use in VPC for private EC2 instances eg. subnet-abcd1234",
      "Type": "List<AWS::EC2::Subnet::Id>",
    },
    "PublicVpcSubnets": {
      "Default": "subnet-c3620fa6,subnet-2b37bd5c",
      "Description": "Subnets to use in VPC for public internet-facing ELB eg. subnet-abcd1234",
      "Type": "List<AWS::EC2::Subnet::Id>",
    },
    "Stage": {
      "AllowedValues": [
        "PROD",
        "CODE",
      ],
      "Description": "Environment name",
      "Type": "String",
    },
    "VpcId": {
      "Default": "vpc-381fa95d",
      "Description": "ID of the VPC onto which to launch the application eg. vpc-1234abcd",
      "Type": "AWS::EC2::VPC::Id",
    },
  },
  "Resources": {
    "AppServerSecurityGroup": {
      "Properties": {
        "GroupDescription": "Allows load balancer access to the app and pinging and SSH access of the instance from the office",
        "SecurityGroupIngress": [
          {
            "FromPort": 9000,
            "IpProtocol": "tcp",
            "SourceSecurityGroupId": {
              "Ref": "LoadBalancerSecurityGroup",
            },
            "ToPort": 9000,
          },
          {
            "CidrIp": "10.249.16.133/22",
            "FromPort": 8,
            "IpProtocol": "icmp",
            "ToPort": -1,
          },
        ],
        "Tags": [
          {
            "Key": "gu:cdk:version",
            "Value": "TEST",
          },
          {
            "Key": "gu:repo",
            "Value": "guardian/flexible-restorer",
          },
          {
            "Key": "Stack",
            "Value": "flexible",
          },
          {
            "Key": "Stage",
            "Value": "TEST",
          },
        ],
        "VpcId": {
          "Ref": "VpcId",
        },
      },
      "Type": "AWS::EC2::SecurityGroup",
    },
    "AutoscalingGroup": {
      "Properties": {
        "AvailabilityZones": [
          {
            "Fn::Select": [
              0,
              {
                "Fn::GetAZs": {
                  "Ref": "AWS::Region",
                },
              },
            ],
          },
          {
            "Fn::Select": [
              1,
              {
                "Fn::GetAZs": {
                  "Ref": "AWS::Region",
                },
              },
            ],
          },
        ],
        "HealthCheckGracePeriod": 300,
        "HealthCheckType": "ELB",
        "LaunchConfigurationName": {
          "Ref": "RestorerLaunchConfig",
        },
        "LoadBalancerNames": [
          {
            "Ref": "RestorerLoadBalancer",
          },
        ],
        "MaxSize": {
          "Fn::FindInMap": [
            "EnvironmentMap",
            {
              "Ref": "Stage",
            },
            "maxSize",
          ],
        },
        "MinSize": {
          "Fn::FindInMap": [
            "EnvironmentMap",
            {
              "Ref": "Stage",
            },
            "minSize",
          ],
        },
        "Tags": [
          {
            "Key": "App",
            "PropagateAtLaunch": true,
            "Value": "restorer2",
          },
          {
            "Key": "gu:cdk:version",
            "PropagateAtLaunch": true,
            "Value": "TEST",
          },
          {
            "Key": "gu:repo",
            "PropagateAtLaunch": true,
            "Value": "guardian/flexible-restorer",
          },
          {
            "Key": "LogKinesisStreamName",
            "PropagateAtLaunch": true,
            "Value": {
              "Ref": "LoggingStreamName",
            },
          },
          {
            "Key": "Stack",
            "PropagateAtLaunch": true,
            "Value": "flexible",
          },
          {
            "Key": "Stage",
            "PropagateAtLaunch": true,
            "Value": "TEST",
          },
          {
            "Key": "SystemdUnit",
            "PropagateAtLaunch": true,
            "Value": "restorer2.service",
          },
        ],
        "VPCZoneIdentifier": {
          "Ref": "PrivateVpcSubnets",
        },
      },
      "Type": "AWS::AutoScaling::AutoScalingGroup",
    },
    "Certificate": {
      "Properties": {
        "DomainName": {
          "Fn::FindInMap": [
            "EnvironmentMap",
            {
              "Ref": "Stage",
            },
            "Domain",
          ],
        },
        "DomainValidationOptions": [
          {
            "DomainName": {
              "Fn::FindInMap": [
                "EnvironmentMap",
                {
                  "Ref": "Stage",
                },
                "Domain",
              ],
            },
            "ValidationDomain": {
              "Fn::FindInMap": [
                "EnvironmentMap",
                {
                  "Ref": "Stage",
                },
                "ValidationDomain",
              ],
            },
          },
        ],
        "Tags": [
          {
            "Key": "App",
            "Value": "restorer",
          },
          {
            "Key": "gu:cdk:version",
            "Value": "TEST",
          },
          {
            "Key": "gu:repo",
            "Value": "guardian/flexible-restorer",
          },
          {
            "Key": "Stack",
            "Value": "flexible",
          },
          {
            "Key": "Stage",
            "Value": "TEST",
          },
        ],
        "ValidationMethod": "DNS",
      },
      "Type": "AWS::CertificateManager::Certificate",
    },
    "KMSKeyPolicy": {
      "Properties": {
        "PolicyDocument": {
          "Statement": [
            {
              "Action": [
                "kms:Decrypt",
                "kms:DescribeKey",
              ],
              "Effect": "Allow",
              "Resource": {
                "Ref": "KmsKeyARN",
              },
            },
          ],
        },
        "PolicyName": "KMSKeyPolicy",
        "Roles": [
          {
            "Ref": "RestorerRole",
          },
        ],
      },
      "Type": "AWS::IAM::Policy",
    },
    "LoadBalancerSecurityGroup": {
      "Properties": {
        "GroupDescription": "load balancer",
        "SecurityGroupIngress": [
          {
            "CidrIp": "0.0.0.0/0",
            "FromPort": 443,
            "IpProtocol": "tcp",
            "ToPort": 443,
          },
        ],
        "Tags": [
          {
            "Key": "gu:cdk:version",
            "Value": "TEST",
          },
          {
            "Key": "gu:repo",
            "Value": "guardian/flexible-restorer",
          },
          {
            "Key": "Stack",
            "Value": "flexible",
          },
          {
            "Key": "Stage",
            "Value": "TEST",
          },
        ],
        "VpcId": {
          "Ref": "VpcId",
        },
      },
      "Type": "AWS::EC2::SecurityGroup",
    },
    "LoggingPolicy": {
      "Properties": {
        "PolicyDocument": {
          "Statement": [
            {
              "Action": [
                "kinesis:PutRecord",
                "kinesis:PutRecords",
                "kinesis:DescribeStream",
              ],
              "Effect": "Allow",
              "Resource": {
                "Ref": "LoggingStreamArn",
              },
            },
          ],
        },
        "PolicyName": "LoggingPolicy",
        "Roles": [
          {
            "Ref": "RestorerRole",
          },
        ],
      },
      "Type": "AWS::IAM::Policy",
    },
    "PanDomainPolicy": {
      "Properties": {
        "PolicyDocument": {
          "Statement": [
            {
              "Action": [
                "s3:GetObject",
              ],
              "Effect": "Allow",
              "Resource": [
                "arn:aws:s3:::pan-domain-auth-settings/*",
              ],
            },
          ],
        },
        "PolicyName": "PanDomainPolicy",
        "Roles": [
          {
            "Ref": "RestorerRole",
          },
        ],
      },
      "Type": "AWS::IAM::Policy",
    },
    "PermissionsPolicy": {
      "Properties": {
        "PolicyDocument": {
          "Statement": [
            {
              "Action": [
                "s3:GetObject",
              ],
              "Effect": "Allow",
              "Resource": [
                "arn:aws:s3:::permissions-cache/*",
              ],
            },
          ],
        },
        "PolicyName": "PermissionsPolicy",
        "Roles": [
          {
            "Ref": "RestorerRole",
          },
        ],
      },
      "Type": "AWS::IAM::Policy",
    },
    "RestorerCloudwatchPolicy": {
      "Properties": {
        "PolicyDocument": {
          "Statement": [
            {
              "Action": [
                "cloudwatch:*",
              ],
              "Effect": "Allow",
              "Resource": "*",
            },
          ],
        },
        "PolicyName": "RestorerCloudwatchPolicy",
        "Roles": [
          {
            "Ref": "RestorerRole",
          },
        ],
      },
      "Type": "AWS::IAM::Policy",
    },
    "RestorerDescribeEC2Policy": {
      "Properties": {
        "PolicyDocument": {
          "Statement": [
            {
              "Action": [
                "ec2:Describe*",
                "autoscaling:DescribeAutoScalingGroups",
                "autoscaling:DescribeAutoScalingInstances",
              ],
              "Effect": "Allow",
              "Resource": "*",
            },
          ],
        },
        "PolicyName": "RestorerDescribeEC2Policy",
        "Roles": [
          {
            "Ref": "RestorerRole",
          },
        ],
      },
      "Type": "AWS::IAM::Policy",
    },
    "RestorerGetDistributablesPolicy": {
      "Properties": {
        "PolicyDocument": {
          "Statement": [
            {
              "Action": [
                "s3:GetObject",
              ],
              "Effect": "Allow",
              "Resource": [
                "arn:aws:s3:::composer-dist/*",
              ],
            },
          ],
        },
        "PolicyName": "RestorerGetDistributablesPolicy",
        "Roles": [
          {
            "Ref": "RestorerRole",
          },
        ],
      },
      "Type": "AWS::IAM::Policy",
    },
    "RestorerInstanceProfile": {
      "Properties": {
        "Path": "/",
        "Roles": [
          {
            "Ref": "RestorerRole",
          },
        ],
      },
      "Type": "AWS::IAM::InstanceProfile",
    },
    "RestorerLaunchConfig": {
      "Properties": {
        "IamInstanceProfile": {
          "Ref": "RestorerInstanceProfile",
        },
        "ImageId": {
          "Ref": "AMI",
        },
        "InstanceType": "t4g.micro",
        "MetadataOptions": {
          "HttpTokens": "required",
        },
        "SecurityGroups": [
          {
            "Ref": "AppServerSecurityGroup",
          },
          {
            "Fn::FindInMap": [
              "EnvironmentMap",
              {
                "Ref": "Stage",
              },
              "AccessToApiSecurityGroupId",
            ],
          },
          {
            "Fn::FindInMap": [
              "EnvironmentMap",
              {
                "Ref": "Stage",
              },
              "SecondaryAccessToApiSecurityGroupId",
            ],
          },
          {
            "Fn::If": [
              "IsProd",
              {
                "Fn::FindInMap": [
                  "EnvironmentMap",
                  "CODE",
                  "AccessToApiSecurityGroupId",
                ],
              },
              {
                "Ref": "AWS::NoValue",
              },
            ],
          },
          {
            "Fn::If": [
              "IsProd",
              {
                "Fn::FindInMap": [
                  "EnvironmentMap",
                  "CODE",
                  "SecondaryAccessToApiSecurityGroupId",
                ],
              },
              {
                "Ref": "AWS::NoValue",
              },
            ],
          },
        ],
        "UserData": {
          "Fn::Base64": {
            "Fn::Sub": "#!/bin/bash -ev
aws s3 cp s3://composer-dist/flexible/\${Stage}/restorer2/restorer2.deb /tmp/restorer2.deb
dpkg -i /tmp/restorer2.deb
",
          },
        },
      },
      "Type": "AWS::AutoScaling::LaunchConfiguration",
    },
    "RestorerLoadBalancer": {
      "Properties": {
        "CrossZone": true,
        "HealthCheck": {
          "HealthyThreshold": "2",
          "Interval": "10",
          "Target": "HTTP:9000/management/healthcheck",
          "Timeout": "5",
          "UnhealthyThreshold": "2",
        },
        "Listeners": [
          {
            "InstancePort": "9000",
            "LoadBalancerPort": "443",
            "Protocol": "HTTPS",
            "SSLCertificateId": {
              "Ref": "Certificate",
            },
          },
        ],
        "SecurityGroups": [
          {
            "Fn::GetAtt": [
              "LoadBalancerSecurityGroup",
              "GroupId",
            ],
          },
        ],
        "Subnets": {
          "Ref": "PublicVpcSubnets",
        },
        "Tags": [
          {
            "Key": "App",
            "Value": "restorer2",
          },
          {
            "Key": "gu:cdk:version",
            "Value": "TEST",
          },
          {
            "Key": "gu:repo",
            "Value": "guardian/flexible-restorer",
          },
          {
            "Key": "Stack",
            "Value": "flexible",
          },
          {
            "Key": "Stage",
            "Value": "TEST",
          },
        ],
      },
      "Type": "AWS::ElasticLoadBalancing::LoadBalancer",
    },
    "RestorerRole": {
      "Properties": {
        "AssumeRolePolicyDocument": {
          "Statement": [
            {
              "Action": [
                "sts:AssumeRole",
              ],
              "Effect": "Allow",
              "Principal": {
                "Service": [
                  "ec2.amazonaws.com",
                ],
              },
            },
          ],
        },
        "ManagedPolicyArns": [
          {
            "Fn::ImportValue": {
              "Fn::Sub": "guardian-ec2-for-ssm-GuardianEC2ForSSMPolicy",
            },
          },
        ],
        "Path": "/",
        "Tags": [
          {
            "Key": "gu:cdk:version",
            "Value": "TEST",
          },
          {
            "Key": "gu:repo",
            "Value": "guardian/flexible-restorer",
          },
          {
            "Key": "Stack",
            "Value": "flexible",
          },
          {
            "Key": "Stage",
            "Value": "TEST",
          },
        ],
      },
      "Type": "AWS::IAM::Role",
    },
    "RestorerSSMPolicy": {
      "Properties": {
        "PolicyDocument": {
          "Statement": [
            {
              "Action": [
                "ssm:GetParameters",
                "ssm:GetParametersByPath",
              ],
              "Effect": "Allow",
              "Resource": {
                "Fn::Sub": "arn:aws:ssm:*:*:parameter/flexible/restorer/\${Stage}*",
              },
            },
          ],
        },
        "PolicyName": "RestorerSSMPolicy",
        "Roles": [
          {
            "Ref": "RestorerRole",
          },
        ],
      },
      "Type": "AWS::IAM::Policy",
    },
    "RestorerSnapshotBucketPolicy": {
      "Properties": {
        "PolicyDocument": {
          "Statement": [
            {
              "Action": [
                "s3:ListBucket",
              ],
              "Effect": "Allow",
              "Resource": [
                {
                  "Fn::Join": [
                    "",
                    [
                      "arn:aws:s3:::flexible-snapshotter-",
                      {
                        "Fn::FindInMap": [
                          "EnvironmentMap",
                          {
                            "Ref": "Stage",
                          },
                          "lowercase",
                        ],
                      },
                    ],
                  ],
                },
              ],
            },
            {
              "Action": [
                "s3:GetObject",
              ],
              "Effect": "Allow",
              "Resource": [
                {
                  "Fn::Join": [
                    "",
                    [
                      "arn:aws:s3:::flexible-snapshotter-",
                      {
                        "Fn::FindInMap": [
                          "EnvironmentMap",
                          {
                            "Ref": "Stage",
                          },
                          "lowercase",
                        ],
                      },
                      "/*",
                    ],
                  ],
                },
              ],
            },
            {
              "Action": [
                "s3:ListBucket",
              ],
              "Effect": "Allow",
              "Resource": [
                {
                  "Fn::Join": [
                    "",
                    [
                      "arn:aws:s3:::flexible-secondary-snapshotter-",
                      {
                        "Fn::FindInMap": [
                          "EnvironmentMap",
                          {
                            "Ref": "Stage",
                          },
                          "lowercase",
                        ],
                      },
                    ],
                  ],
                },
              ],
            },
            {
              "Action": [
                "s3:GetObject",
              ],
              "Effect": "Allow",
              "Resource": [
                {
                  "Fn::Join": [
                    "",
                    [
                      "arn:aws:s3:::flexible-secondary-snapshotter-",
                      {
                        "Fn::FindInMap": [
                          "EnvironmentMap",
                          {
                            "Ref": "Stage",
                          },
                          "lowercase",
                        ],
                      },
                      "/*",
                    ],
                  ],
                },
              ],
            },
          ],
        },
        "PolicyName": "RestorerSnapshotBucketPolicy",
        "Roles": [
          {
            "Ref": "RestorerRole",
          },
        ],
      },
      "Type": "AWS::IAM::Policy",
    },
  },
}
`;
